
> circuito-ai@0.1.0 build C:\Users\User\Desktop\websites codebase\Circuito AI\circuito-ai
> next build

node.exe : ΓÜá Warning: Next.js inferred 
your workspace root, but it may not be 
correct.
At C:\Users\User\AppData\Roaming\npm\pnpm.ps
1:24 char:5
+     & "node$exe"  
"$basedir/node_modules/pnpm/bin/pnpm.cjs" 
$args
+     ~~~~~~~~~~~~~~~~~~~~~~~~~~~~~~~~~~~~~~
~~~~~~~~~~~~~~~~~~~~~~~
    + CategoryInfo          : NotSpecified: 
    (ΓÜá Warning: Ne...not be correct.:Str  
  ing) [], RemoteException
    + FullyQualifiedErrorId : NativeCommand 
   Error
 
 We detected multiple lockfiles and 
selected the directory of 
C:\Users\User\package-lock.json as the root 
directory.
 To silence this warning, set 
`turbopack.root` in your Next.js config, or 
consider removing one of the lockfiles if 
it's not needed.
   See https://nextjs.org/docs/app/api-refer
ence/config/next-config-js/turbopack#root-di
rectory for more information.
 Detected additional lockfiles: 
   * C:\Users\User\Desktop\websites 
codebase\Circuito 
AI\circuito-ai\pnpm-lock.yaml

Γû▓ Next.js 16.1.6 (Turbopack)
- Environments: .env.local

  Creating an optimized production build ...
Γ£ô Compiled successfully in 7.8s
  Running TypeScript ...
Failed to compile.

.next/dev/types/validator.ts:80:39
Type error: File 
'C:/Users/User/Desktop/websites 
codebase/Circuito 
AI/circuito-ai/src/app/diagnostic/page.tsx' 
is not a module.

[0m [90m 78 |[39m {
 [90m 79 |[39m   type 
__IsExpected[33m<[39m[33mSpecific[39m 
[36mextends[39m [33mAppPageConfig[39m[3
3m<[39m[32m"/diagnostic"[39m[33m>>[39m 
[33m=[39m [33mSpecific[39m
[31m[1m>[22m[39m[90m 80 |[39m   
[36mconst[39m handler [33m=[39m {} 
[36mas[39m [36mtypeof[39m [36mimport[3
9m([32m"../../../src/app/diagnostic/page.js
"[39m)
 [90m    |[39m                            
           [31m[1m^[22m[39m
 [90m 81 |[39m   type __Check [33m=[39m 
__IsExpected[33m<[39m[36mtypeof[39m 
handler[33m>[39m
 [90m 82 |[39m   [90m// @ts-ignore[39m
 [90m 83 |[39m   type __Unused 
[33m=[39m __Check[0m
Next.js build worker exited with code: 1 
and signal: null
ΓÇëELIFECYCLEΓÇë Command failed with exit code 1.
